Worker (fid-pv) started at Thu Aug 13 10:57:38 PM CEST 2026 on haicn1702.localdomain
torch 2.2.0+cu121 | cuda available: True
MC-TimeGAN fidelity scores  |  device=cuda  commit=927f5c658ae1

=== pv ===
original:
  using columns: ['LV1.101 SGen 1', 'LV1.101 SGen 8']
  loaded helper/data/raw/feeder_sgens_4w_data.csv  shape=(2688, 2)  range=[0, 0.1957]
synthetic:
  using columns: ['fake_1', 'fake_2']
  loaded helper/synthetic_data/2024-07-23_mc_timegan_feeder_sgens_n5t1_n2.csv  shape=(2688, 2)  range=[1.302e-06, 0.03762]
[pv] synthetic preprocessing: deadband<1.5e-05 -> 0, scale x5, new range=[0, 0.1881]
[pv] windows: original 2592, synthetic 2592 -> 1000 per dataset and run, scaled ranges ori=[0.000, 1.000] syn=[0.000, 0.963]
Using cuda device
Using cuda device
Using cuda device
[pv] run 01 (seed 58): discriminative=0.0750  predictive(TSTR)=2.305e-05  baseline(TRTR)=1.830e-05
Using cuda device
Using cuda device
Using cuda device
[pv] run 02 (seed 59): discriminative=0.0650  predictive(TSTR)=5.059e-08  baseline(TRTR)=7.790e-08
Using cuda device
Using cuda device
Using cuda device
[pv] run 03 (seed 60): discriminative=0.1725  predictive(TSTR)=8.468e-08  baseline(TRTR)=8.659e-08
Using cuda device
Using cuda device
Using cuda device
[pv] run 04 (seed 61): discriminative=0.0975  predictive(TSTR)=1.277e-04  baseline(TRTR)=1.090e-04
Using cuda device
Using cuda device
Using cuda device
[pv] run 05 (seed 62): discriminative=0.2375  predictive(TSTR)=2.768e-05  baseline(TRTR)=2.981e-05
Using cuda device
Using cuda device
Using cuda device
[pv] run 06 (seed 63): discriminative=0.1125  predictive(TSTR)=2.940e-05  baseline(TRTR)=2.893e-05
Using cuda device
Using cuda device
Using cuda device
[pv] run 07 (seed 64): discriminative=0.1625  predictive(TSTR)=3.161e-05  baseline(TRTR)=2.978e-05
Using cuda device
Using cuda device
Using cuda device
[pv] run 08 (seed 65): discriminative=0.2425  predictive(TSTR)=1.638e-05  baseline(TRTR)=1.223e-05
Using cuda device
Using cuda device
Using cuda device
[pv] run 09 (seed 66): discriminative=0.1550  predictive(TSTR)=1.236e-04  baseline(TRTR)=1.073e-04
Using cuda device
Using cuda device
Using cuda device
[pv] run 10 (seed 67): discriminative=0.1475  predictive(TSTR)=1.239e-04  baseline(TRTR)=1.085e-04
[pv] SUMMARY over 10 runs:
[pv]   discriminative score : 0.1467 +/- 0.0613   (0 = indistinguishable, max 0.5)
[pv]   predictive score TSTR: 5.035e-05 +/- 5.273e-05
[pv]   predictive baseline  : 4.440e-05 +/- 4.540e-05   (train-on-real reference)

Results written to /hkfs/home/haicore/iai/ii6824/MC-TimeGAN/helper/slurm/01_eval_fidelity_scores_pv.json
pv
┌───────────────────┬─────────────────────────────────────┬─────────────────┐
│ Metric            │ pv (modified labels)                │ pv (raw labels) │
├───────────────────┼─────────────────────────────────────┼─────────────────┤
│ coverage@5        │ -                                   │ -               │
├───────────────────┼─────────────────────────────────────┼─────────────────┤
│ density@5         │ -                                   │ -               │
├───────────────────┼─────────────────────────────────────┼─────────────────┤
│ diversity_ratio   │ -                                   │ -               │
├───────────────────┼─────────────────────────────────────┼─────────────────┤
│ discriminative    │ 0.147 ± 0.061                       │ -               │
├───────────────────┼─────────────────────────────────────┼─────────────────┤
│ predictive (TSTR) │ 5.04e-05 ± 5.3e-05  (TRTR 4.44e-05) │ -               │
└───────────────────┴─────────────────────────────────────┴─────────────────┘

modified labels = synthetic export generated with the MODIFIED ordinal labels
                  (the intended congestion shift)
raw labels      = control export generated with the UNMODIFIED ordinal labels
                  (baseline that separates the label-driven shift from generation deficits)

Sources: 01_eval_fidelity_scores_pv.json

Summary written to /hkfs/home/haicore/iai/ii6824/MC-TimeGAN/helper/slurm/00_eval_summary_tables.txt
Worker (fid-pv) finished at Thu Aug 13 11:31:49 PM CEST 2026 - logs and results in /hkfs/home/haicore/iai/ii6824/MC-TimeGAN/helper/slurm/

============================= JOB FEEDBACK =============================

Job ID: 1669570
Cluster: haic
User/Group: ii6824/iai
Account: iai
State: COMPLETED (exit code 0)
Partition: normal
Nodes: 1
Cores per node: 2
Nodelist: haicn1702
CPU Utilized: 00:33:56
CPU Efficiency: 49.44% of 01:08:38 core-walltime
Job Wall-clock time: 00:34:19
Starttime: Thu Aug 13 22:57:30 2026
Endtime: Thu Aug 13 23:31:49 2026
Memory Utilized: 853.00 MB
Memory Efficiency: 12.92% of 6.45 GB (3.22 GB/core)
